Microchip MPLAB XC8 Compiler V2.32

Linker command line:

-W-3 --edf=C:\Program Files\Microchip\xc8\v2.32\pic\dat\en_msgs.txt -cn \
  -h+dist/default/production\DANILOIMARKO.X.production.sym \
  --cmf=dist/default/production\DANILOIMARKO.X.production.cmf -z -Q18F87K22 \
  -oC:\Users\Studenti\AppData\Local\Temp\xcAs2c.4 --defsym=__MPLAB_BUILD=1 \
  -Mdist/default/production/DANILOIMARKO.X.production.map -E1 \
  -ver=XC8 Compiler --acfsm=1493 -ASTACK=060h-0F15h -pstack=STACK \
  -ACODE=00h-01FFFFh -ACONST=00h-01FFFFh -ASMALLCONST=01000h-010FFhx496 \
  -AMEDIUMCONST=01000h-0FFFFh,011000h-01FFFFh -ACOMRAM=01h-05Fh \
  -AABS1=00h-0F15h -ABIGRAM=01h-0F15h \
  -ARAM=060h-0FFh,0100h-01FFhx14,0F00h-0F15h -ABANK0=060h-0FFh \
  -ABANK1=0100h-01FFh -ABANK2=0200h-02FFh -ABANK3=0300h-03FFh \
  -ABANK4=0400h-04FFh -ABANK5=0500h-05FFh -ABANK6=0600h-06FFh \
  -ABANK7=0700h-07FFh -ABANK8=0800h-08FFh -ABANK9=0900h-09FFh \
  -ABANK10=0A00h-0AFFh -ABANK11=0B00h-0BFFh -ABANK12=0C00h-0CFFh \
  -ABANK13=0D00h-0DFFh -ABANK14=0E00h-0EFFh -ABANK15=0F00h-0F15h \
  -ASFR=0F16h-0F5Fh,0F60h-0FFFh -ACONFIG=0300000h-030000Dh \
  -AIDLOC=0200000h-0200007h -AEEDATA=0F00000h-0F003FFh -peeprom_data=EEDATA \
  -preset_vec=00h,intcode,intcodelo,powerup,init -pramtop=01000h \
  -psmallconst=SMALLCONST -pmediumconst=MEDIUMCONST -pconst=CONST \
  -AFARRAM=00h-00h \
  -prdata=COMRAM,nvrram=COMRAM,nvbit=COMRAM,rbss=COMRAM,rbit=COMRAM \
  -pfarbss=FARRAM,fardata=FARRAM,nvFARRAM=FARRAM \
  -pintsave_regs=BIGRAM,bigbss=BIGRAM,bigdata=BIGRAM -pbss=RAM \
  -pidata=CODE,irdata=CODE,ibigdata=CODE,ifardata=CODE -prparam=COMRAM \
  C:\Users\Studenti\AppData\Local\Temp\xcAs2c.o \
  dist/default/production\DANILOIMARKO.X.production.o 

Object code version is 3.11

Machine type is 18F87K22



                Name                               Link     Load   Length Selector   Space Scale
C:\Users\Studenti\AppData\Local\Temp\xcAs2c.o
                idloc                            200000   200000        8        0       5
                config                           300000   300000        E        0       4
                init                                  0        0        4        0       0
dist/default/production\DANILOIMARKO.X.production.o
                idloc                            200000   200000        8        0       5
                config                           300000   300000        E        0       4
                text6                             1FEF4    1FEF4       32     FF7A       0
                text5                             1FED4    1FED4       20     FF6A       0
                text4                             1FEC0    1FEC0       14     FF60       0
                text3                             1FF26    1FF26       44     FF93       0
                text2                             1FEA0    1FEA0        E     FF50       0
                text1                             1FEAE    1FEAE       12     FF57       0
                text0                             1FF6A    1FF6A       96     FFB5       0
                cstackCOMRAM                          1        1        8        1       1
                cinit                             1FE9A    1FE9A        6     FF4D       0

TOTAL           Name                               Link     Load   Length     Space
        CLASS   STACK          

        CLASS   CODE           
                init                                  0        0        4         0
                text6                             1FEF4    1FEF4       32         0
                text5                             1FED4    1FED4       20         0
                text4                             1FEC0    1FEC0       14         0
                text3                             1FF26    1FF26       44         0
                text2                             1FEA0    1FEA0        E         0
                text1                             1FEAE    1FEAE       12         0
                text0                             1FF6A    1FF6A       96         0
                cinit                             1FE9A    1FE9A        6         0

        CLASS   CONST          

        CLASS   SMALLCONST     

        CLASS   MEDIUMCONST    

        CLASS   COMRAM         
                cstackCOMRAM                          1        1        8         1

        CLASS   ABS1           

        CLASS   BIGRAM         

        CLASS   RAM            

        CLASS   BANK0          

        CLASS   BANK1          

        CLASS   BANK2          

        CLASS   BANK3          

        CLASS   BANK4          

        CLASS   BANK5          

        CLASS   BANK6          

        CLASS   BANK7          

        CLASS   BANK8          

        CLASS   BANK9          

        CLASS   BANK10         

        CLASS   BANK11         

        CLASS   BANK12         

        CLASS   BANK13         

        CLASS   BANK14         

        CLASS   BANK15         

        CLASS   SFR            

        CLASS   CONFIG         
                config                           300000   300000        E         4

        CLASS   IDLOC          
                idloc                            200000   200000        8         5

        CLASS   EEDATA         

        CLASS   FARRAM         



SEGMENTS        Name                           Load    Length   Top    Selector   Space  Class

                reset_vec                      000000  000004  000004         0       0  CODE    
                cstackCOMRAM                   000001  000008  000009         1       1  COMRAM  
                cinit                          01FE9A  000006  01FEA0      FF4D       0  CODE    
                text2                          01FEA0  00000E  01FEAE      FF50       0  CODE    
                text1                          01FEAE  000012  01FEC0      FF57       0  CODE    
                text4                          01FEC0  000014  01FED4      FF60       0  CODE    
                text5                          01FED4  000020  01FEF4      FF6A       0  CODE    
                text6                          01FEF4  000032  01FF26      FF7A       0  CODE    
                text3                          01FF26  000044  01FF6A      FF93       0  CODE    
                text0                          01FF6A  000096  020000      FFB5       0  CODE    


UNUSED ADDRESS RANGES

        Name                Unused          Largest block    Delta
        BANK0            000060-0000FF               A0
        BANK1            000100-0001FF              100
        BANK10           000A00-000AFF              100
        BANK11           000B00-000BFF              100
        BANK12           000C00-000CFF              100
        BANK13           000D00-000DFF              100
        BANK14           000E00-000EFF              100
        BANK15           000F00-000F15               16
        BANK2            000200-0002FF              100
        BANK3            000300-0003FF              100
        BANK4            000400-0004FF              100
        BANK5            000500-0005FF              100
        BANK6            000600-0006FF              100
        BANK7            000700-0007FF              100
        BANK8            000800-0008FF              100
        BANK9            000900-0009FF              100
        BIGRAM           000009-000F15              F0D
        CODE             000004-01FE99            1FE96
        COMRAM           000009-00005F               57
        CONST            000004-01FE99            1FE96
        EEDATA           F00000-F003FF              400
        MEDIUMCONST      001000-00FFFF             F000
                         011000-01FE99             EE9A
        RAM              000060-000F15              100
        SFR              000F16-000FFF               4A
        SMALLCONST       001000-01FE99              100
        STACK            000060-000F15              EB6

                                  Symbol Table

EPWM3_LoadDutyValue@dutyValue    cstackCOMRAM 000001
_ANCON0                          (abs)        000F25
_ANCON1                          (abs)        000F24
_ANCON2                          (abs)        000F23
_CCP3CON                         (abs)        000F49
_CCPR3H                          (abs)        000F4B
_CCPR3L                          (abs)        000F4A
_CCPTMRS0bits                    (abs)        000F2D
_ECCP3AS                         (abs)        000F4D
_ECCP3DEL                        (abs)        000F4C
_EPWM3_Initialize                text5        01FED4
_EPWM3_LoadDutyValue             text6        01FEF4
_INTCONbits                      (abs)        000FF2
_LATA                            (abs)        000F89
_LATB                            (abs)        000F8A
_LATC                            (abs)        000F8B
_LATD                            (abs)        000F8C
_LATE                            (abs)        000F8D
_LATF                            (abs)        000F8E
_LATG                            (abs)        000F8F
_LATH                            (abs)        000F90
_OSCCON                          (abs)        000FD3
_OSCCON2                         (abs)        000F64
_OSCILLATOR_Initialize           text4        01FEC0
_OSCTUNE                         (abs)        000F9B
_PIN_MANAGER_Initialize          text3        01FF26
_PIR1bits                        (abs)        000F9E
_PR2                             (abs)        000FCB
_PSTR3CON                        (abs)        000F1A
_REFOCON                         (abs)        000F2A
_SYSTEM_Initialize               text1        01FEAE
_T2CON                           (abs)        000FCA
_T2CONbits                       (abs)        000FCA
_TMR2                            (abs)        000FCC
_TMR2_Initialize                 text2        01FEA0
_TRISA                           (abs)        000F92
_TRISB                           (abs)        000F93
_TRISC                           (abs)        000F94
_TRISD                           (abs)        000F95
_TRISE                           (abs)        000F96
_TRISF                           (abs)        000F97
_TRISG                           (abs)        000F98
_TRISH                           (abs)        000F99
__HRAM                           (abs)        000000
__Habs1                          abs1         000000
__Hbank0                         bank0        000000
__Hbank1                         bank1        000000
__Hbank10                        bank10       000000
__Hbank11                        bank11       000000
__Hbank12                        bank12       000000
__Hbank13                        bank13       000000
__Hbank14                        bank14       000000
__Hbank15                        bank15       000000
__Hbank2                         bank2        000000
__Hbank3                         bank3        000000
__Hbank4                         bank4        000000
__Hbank5                         bank5        000000
__Hbank6                         bank6        000000
__Hbank7                         bank7        000000
__Hbank8                         bank8        000000
__Hbank9                         bank9        000000
__Hbigbss                        bigbss       000000
__Hbigdata                       bigdata      000000
__Hbigram                        bigram       000000
__Hbss                           bss          000000
__Hcinit                         cinit        000000
__Hclrtext                       clrtext      000000
__Hcomram                        comram       000000
__Hconfig                        config       30000E
__Hconst                         const        000000
__HcstackCOMRAM                  cstackCOMRAM 000000
__Hdata                          data         000000
__Heeprom_data                   eeprom_data  000000
__Hfarbss                        farbss       000000
__Hfardata                       fardata      000000
__Hibigdata                      ibigdata     000000
__Hidata                         idata        000000
__Hidloc                         idloc        200008
__Hifardata                      ifardata     000000
__Hinit                          init         000004
__Hintcode                       intcode      000000
__Hintcode_body                  intcode_body 000000
__Hintcodelo                     intcodelo    000000
__Hintentry                      intentry     000000
__Hintret                        intret       000000
__Hintsave_regs                  intsave_regs 000000
__Hirdata                        irdata       000000
__Hmediumconst                   mediumconst  000000
__HnvFARRAM                      nvFARRAM     000000
__Hnvbit                         nvbit        000000
__Hnvrram                        nvrram       000000
__Hparam                         rparam       000000
__Hpowerup                       powerup      000000
__Hram                           ram          000000
__Hramtop                        ramtop       001000
__Hrbit                          rbit         000000
__Hrbss                          rbss         000000
__Hrdata                         rdata        000000
__Hreset_vec                     reset_vec    000000
__Hrparam                        rparam       000000
__Hsfr                           sfr          000000
__Hsmallconst                    smallconst   000000
__Hspace_0                       (abs)        020000
__Hspace_1                       (abs)        000009
__Hspace_2                       (abs)        000000
__Hspace_4                       (abs)        60000E
__Hstack                         stack        000000
__Hstruct                        struct       000000
__Htemp                          temp         000000
__Htext                          text         000000
__Htext0                         text0        000000
__Htext1                         text1        000000
__Htext2                         text2        000000
__Htext3                         text3        000000
__Htext4                         text4        000000
__Htext5                         text5        000000
__Htext6                         text6        000000
__LRAM                           (abs)        000001
__Labs1                          abs1         000000
__Lbank0                         bank0        000000
__Lbank1                         bank1        000000
__Lbank10                        bank10       000000
__Lbank11                        bank11       000000
__Lbank12                        bank12       000000
__Lbank13                        bank13       000000
__Lbank14                        bank14       000000
__Lbank15                        bank15       000000
__Lbank2                         bank2        000000
__Lbank3                         bank3        000000
__Lbank4                         bank4        000000
__Lbank5                         bank5        000000
__Lbank6                         bank6        000000
__Lbank7                         bank7        000000
__Lbank8                         bank8        000000
__Lbank9                         bank9        000000
__Lbigbss                        bigbss       000000
__Lbigdata                       bigdata      000000
__Lbigram                        bigram       000000
__Lbss                           bss          000000
__Lcinit                         cinit        000000
__Lclrtext                       clrtext      000000
__Lcomram                        comram       000000
__Lconfig                        config       000000
__Lconst                         const        000000
__LcstackCOMRAM                  cstackCOMRAM 000000
__Ldata                          data         000000
__Leeprom_data                   eeprom_data  000000
__Lfarbss                        farbss       000000
__Lfardata                       fardata      000000
__Libigdata                      ibigdata     000000
__Lidata                         idata        000000
__Lidloc                         idloc        000000
__Lifardata                      ifardata     000000
__Linit                          init         000000
__Lintcode                       intcode      000000
__Lintcode_body                  intcode_body 000000
__Lintcodelo                     intcodelo    000000
__Lintentry                      intentry     000000
__Lintret                        intret       000000
__Lintsave_regs                  intsave_regs 000000
__Lirdata                        irdata       000000
__Lmediumconst                   mediumconst  000000
__LnvFARRAM                      nvFARRAM     000000
__Lnvbit                         nvbit        000000
__Lnvrram                        nvrram       000000
__Lparam                         rparam       000000
__Lpowerup                       powerup      000000
__Lram                           ram          000000
__Lramtop                        ramtop       001000
__Lrbit                          rbit         000000
__Lrbss                          rbss         000000
__Lrdata                         rdata        000000
__Lreset_vec                     reset_vec    000000
__Lrparam                        rparam       000000
__Lsfr                           sfr          000000
__Lsmallconst                    smallconst   000000
__Lspace_0                       (abs)        000000
__Lspace_1                       (abs)        000000
__Lspace_2                       (abs)        000000
__Lspace_4                       (abs)        000000
__Lstack                         stack        000000
__Lstruct                        struct       000000
__Ltemp                          temp         000000
__Ltext                          text         000000
__Ltext0                         text0        000000
__Ltext1                         text1        000000
__Ltext2                         text2        000000
__Ltext3                         text3        000000
__Ltext4                         text4        000000
__Ltext5                         text5        000000
__Ltext6                         text6        000000
__S0                             (abs)        020000
__S1                             (abs)        000009
__S2                             (abs)        000000
__S4                             (abs)        000000
__S5                             (abs)        000000
___extmem_base                   (abs)        020000
___inthi_sp                      stack        000000
___intlo_sp                      stack        000000
___param_bank                    (abs)        000000
___rparam_used                   (abs)        000001
___sp                            stack        000000
__accesstop                      (abs)        000060
__activetblptr                   (abs)        000000
__end_of_EPWM3_Initialize        text5        01FEF4
__end_of_EPWM3_LoadDutyValue     text6        01FF26
__end_of_OSCILLATOR_Initialize   text4        01FED4
__end_of_PIN_MANAGER_Initialize  text3        01FF6A
__end_of_SYSTEM_Initialize       text1        01FEC0
__end_of_TMR2_Initialize         text2        01FEAE
__end_of__initialization         cinit        01FE9A
__end_of_main                    text0        020000
__initialization                 cinit        01FE9A
__mediumconst                    mediumconst  000000
__pcinit                         cinit        01FE9A
__pcstackCOMRAM                  cstackCOMRAM 000001
__ptext0                         text0        01FF6A
__ptext1                         text1        01FEAE
__ptext2                         text2        01FEA0
__ptext3                         text3        01FF26
__ptext4                         text4        01FEC0
__ptext5                         text5        01FED4
__ptext6                         text6        01FEF4
__ramtop                         ramtop       001000
__size_of_EPWM3_Initialize       (abs)        000000
__size_of_EPWM3_LoadDutyValue    (abs)        000000
__size_of_OSCILLATOR_Initialize  (abs)        000000
__size_of_PIN_MANAGER_Initialize (abs)        000000
__size_of_SYSTEM_Initialize      (abs)        000000
__size_of_TMR2_Initialize        (abs)        000000
__size_of_main                   (abs)        000000
__smallconst                     smallconst   000000
_main                            text0        01FF6A
end_of_initialization            cinit        01FE9A
intlevel0                        text         000000
intlevel1                        text         000000
intlevel2                        text         000000
intlevel3                        text         000000
isa$std                          (abs)        000001
isa$xinst                        (abs)        000000
main@duty_cycle                  cstackCOMRAM 000007
main@flag                        cstackCOMRAM 000006
stackhi                          (abs)        000F15
stacklo                          (abs)        000060
start                            init         000000
start_initialization             cinit        01FE9A


MODULE INFORMATION

Module		Function		Class		Link	Load	Size
mcc_generated_files/tmr2.c
		_TMR2_Initialize		CODE           	1FEA0	0000	14

mcc_generated_files/tmr2.c estimated size: 14

mcc_generated_files/pin_manager.c
		_PIN_MANAGER_Initialize		CODE           	1FF26	0000	68

mcc_generated_files/pin_manager.c estimated size: 68

shared
		__initialization		CODE           	1FE9A	0000	1

shared estimated size: 1

mcc_generated_files/mcc.c
		_OSCILLATOR_Initialize		CODE           	1FEC0	0000	20
		_SYSTEM_Initialize		CODE           	1FEAE	0000	18

mcc_generated_files/mcc.c estimated size: 38

mcc_generated_files/epwm3.c
		_EPWM3_LoadDutyValue		CODE           	1FEF4	0000	50
		_EPWM3_Initialize		CODE           	1FED4	0000	32

mcc_generated_files/epwm3.c estimated size: 82

main.c
		_main          		CODE           	1FF6A	0000	150

main.c estimated size: 150

